exports[`Task Teacher Review renders and matches snapshot 1`] = `
<div
  className="pinned-container task-teacher-review"
  style={
    Object {
      "marginTop": "30px",
    }
  }>
  <div
    className="container-fluid">
    <div
      className="row">
      <div
        className="col-sm-8">
        <div
          className="loadable is-loading">
          Loading... 
        </div>
      </div>
      <div
        className="col-sm-4">
        <div
          className="loadable is-loading">
          Loading... 
        </div>
      </div>
    </div>
  </div>
</div>
`;
