// Jest Snapshot v1, https://goo.gl/fbAQLP

exports[`Notifications Bar renders and matches snapshot 1`] = `
<div
  className="openstax-notifications-bar viewable"
>
  <div
    className="notification system"
  >
    <span
      className="body"
    >
      <i
        className="icon fa fa-info-circle"
      />
      A test
    </span>
    <a
      className="dismiss"
      onClick={[Function]}
    >
      <i
        className="icon fa fa-close"
      />
    </a>
  </div>
</div>
`;
