exports[`Notifications MissingStudentId notice renders and matches snapshot 1`] = `
<div
  className="notification course-has-ended">
  <span
    className="body">
    <i
      className="icon fa fa-info-circle" />
    <span>
      The first semester of this course has ended.
    </span>
    <a
      className="action"
      onClick={[Function]}>
      Click here to enroll in second semester
    </a>
  </span>
</div>
`;
