exports[`CreateCourse: entering details matches snapshot 1`] = `
<form
  className="">
  <div
    className="course-details-name form-group">
    <input
      autoFocus={true}
      className="form-control"
      defaultValue="My Course"
      id={undefined}
      onChange={[Function]}
      placeholder="Choose a name for your course"
      type="text" />
  </div>
  <div
    className="course-details-sections form-group">
    <span
      className="input-group">
      <span
        className="input-group-addon">
        Number of sections
      </span>
      <input
        className="form-control"
        id={undefined}
        max={12}
        min="1"
        onChange={[Function]}
        type="number"
        value={12} />
    </span>
    <p
      className="course-details-sections-note">
      <small>
        <i>
          (You can add or remove sections later)
        </i>
      </small>
    </p>
    <p
      className="explain copy-explain">
      Any questions you previously excluded in the Question Library will remain excluded in your new course.
    </p>
  </div>
</form>
`;
