exports[`CreateCourse: Selecting course subject matches snapshot 1`] = `
<div
  className="list-group">
  <div
    className="list-group-item choice active"
    data-appearance="college_biology"
    onClick={[Function]}
    role="button">
    College Biology
  </div>
  <div
    className="list-group-item choice"
    data-appearance="college_physics"
    onClick={[Function]}
    role="button">
    College Physics
  </div>
  <div
    className="list-group-item choice"
    data-appearance="intro_sociology"
    onClick={[Function]}
    role="button">
    Introduction to Sociology
  </div>
  <div
    className="list-group-item choice"
    data-appearance="ap_biology"
    onClick={[Function]}
    role="button">
    Biology for APÂ® Courses
  </div>
</div>
`;
