exports[`Creating a course matches snapshot 1`] = `
<div
  className="new-course-wizard new-course-wizard-course_type panel panel-default"
  id={undefined}>
  <div
    className="panel-heading">
    <div>
      Which tool do you want to use?
    </div>
  </div>
  <div
    className="panel-body">
    <div
      className="panel-content">
      <div
        className="list-group">
        <button
          className="list-group-item active"
          data-brand="tutor-beta"
          onClick={[Function]}
          type="button">
          <div
            className="course-choice">
            <div
              className="course-choice-content-wrapper" />
          </div>
        </button>
        <button
          className="list-group-item"
          data-brand="coach"
          onClick={[Function]}
          type="button">
          <div
            className="course-choice">
            <div
              className="course-choice-content-wrapper" />
          </div>
        </button>
      </div>
    </div>
  </div>
  <div
    className="panel-footer">
    <div
      className="controls">
      <button
        className="cancel btn btn-default"
        disabled={false}
        onClick={[Function]}
        type="button">
        Cancel
      </button>
      <button
        className="next btn btn-primary"
        disabled={false}
        onClick={[Function]}
        type="button">
        Continue
      </button>
    </div>
  </div>
</div>
`;
